Leaf 0xdea780 (rc = 2, depth = 0, size = 8) aaaabbbb

