Leaf 0x18dec60 (rc = 2, depth = 0, size = 8) aaaabbbb

